[08:20:12 INF] Executed DbCommand (1ms) [Parameters=[], CommandType='Text', CommandTimeout='30']
PRAGMA journal_mode = 'wal';
[08:20:12 INF] Executed DbCommand (37ms) [Parameters=[], CommandType='Text', CommandTimeout='30']
CREATE TABLE "__EFMigrationsHistory" (
    "MigrationId" TEXT NOT NULL CONSTRAINT "PK___EFMigrationsHistory" PRIMARY KEY,
    "ProductVersion" TEXT NOT NULL
);
[08:20:12 INF] Executed DbCommand (2ms) [Parameters=[], CommandType='Text', CommandTimeout='30']
SELECT COUNT(*) FROM "sqlite_master" WHERE "name" = '__EFMigrationsHistory' AND "type" = 'table';
[08:20:12 INF] Executed DbCommand (1ms) [Parameters=[], CommandType='Text', CommandTimeout='30']
SELECT "MigrationId", "ProductVersion"
FROM "__EFMigrationsHistory"
ORDER BY "MigrationId";
[08:20:12 INF] Applying migration '20260521121243_InitialCreate'.
[08:20:13 INF] Executed DbCommand (0ms) [Parameters=[], CommandType='Text', CommandTimeout='30']
CREATE TABLE "AuditLogs" (
    "Id" INTEGER NOT NULL CONSTRAINT "PK_AuditLogs" PRIMARY KEY AUTOINCREMENT,
    "Timestamp" TEXT NOT NULL,
    "UserId" INTEGER NULL,
    "Username" TEXT NOT NULL,
    "Operation" TEXT NOT NULL,
    "HostId" INTEGER NULL,
    "ShareId" INTEGER NULL,
    "Path" TEXT NULL,
    "TargetPath" TEXT NULL,
    "Result" TEXT NOT NULL,
    "ErrorMessage" TEXT NULL,
    "ClientIp" TEXT NULL,
    "ClientHostname" TEXT NULL,
    "BytesTransferred" INTEGER NULL,
    "DurationMs" INTEGER NULL,
    "Protocol" TEXT NULL,
    "ExecutionNodeId" INTEGER NULL,
    "UsedPermissionId" INTEGER NULL,
    CONSTRAINT "CK_AuditLog_Result" CHECK (Result IN ('success', 'failure'))
);
[08:20:13 INF] Executed DbCommand (0ms) [Parameters=[], CommandType='Text', CommandTimeout='30']
CREATE TABLE "ExecutionNodes" (
    "Id" INTEGER NOT NULL CONSTRAINT "PK_ExecutionNodes" PRIMARY KEY AUTOINCREMENT,
    "Name" TEXT NOT NULL,
    "NodeType" TEXT NOT NULL,
    "Endpoint" TEXT NULL,
    "ClientCertificateThumbprint" TEXT NULL,
    "IsActive" INTEGER NOT NULL DEFAULT 1,
    "LastHeartbeatAt" TEXT NULL,
    "HealthStatus" TEXT NOT NULL DEFAULT 'Unknown',
    "MaxConcurrency" INTEGER NOT NULL DEFAULT 20,
    "CreatedAt" TEXT NOT NULL,
    CONSTRAINT "CK_ExecutionNode_HealthStatus" CHECK (HealthStatus IN ('Healthy', 'Unhealthy', 'Unknown')),
    CONSTRAINT "CK_ExecutionNode_NodeType" CHECK (NodeType IN ('Direct', 'Agent'))
);
[08:20:13 INF] Executed DbCommand (0ms) [Parameters=[], CommandType='Text', CommandTimeout='30']
CREATE TABLE "PermissionTemplates" (
    "Id" INTEGER NOT NULL CONSTRAINT "PK_PermissionTemplates" PRIMARY KEY AUTOINCREMENT,
    "Name" TEXT NOT NULL,
    "CanRead" INTEGER NOT NULL,
    "CanWrite" INTEGER NOT NULL,
    "CanDelete" INTEGER NOT NULL,
    "CanRename" INTEGER NOT NULL
);
[08:20:13 INF] Executed DbCommand (0ms) [Parameters=[], CommandType='Text', CommandTimeout='30']
CREATE TABLE "Users" (
    "Id" INTEGER NOT NULL CONSTRAINT "PK_Users" PRIMARY KEY AUTOINCREMENT,
    "Username" TEXT NOT NULL,
    "PasswordHash" TEXT NOT NULL,
    "IsAdmin" INTEGER NOT NULL,
    "IsLocked" INTEGER NOT NULL,
    "FailedLoginCount" INTEGER NOT NULL,
    "PasswordChangedAt" TEXT NOT NULL,
    "PasswordExpiresAt" TEXT NOT NULL,
    "MustChangePassword" INTEGER NOT NULL,
    "LastLoginAt" TEXT NULL,
    "CreatedAt" TEXT NOT NULL
);
[08:20:13 INF] Executed DbCommand (0ms) [Parameters=[], CommandType='Text', CommandTimeout='30']
CREATE TABLE "CifsHosts" (
    "Id" INTEGER NOT NULL CONSTRAINT "PK_CifsHosts" PRIMARY KEY AUTOINCREMENT,
    "Name" TEXT NOT NULL,
    "HostAddress" TEXT NOT NULL,
    "Port" INTEGER NOT NULL DEFAULT 445,
    "Description" TEXT NULL,
    "CredUsername" TEXT NOT NULL,
    "CredPasswordEnc" BLOB NOT NULL,
    "ExecutionNodeId" INTEGER NOT NULL,
    "CreatedAt" TEXT NOT NULL,
    CONSTRAINT "FK_CifsHosts_ExecutionNodes_ExecutionNodeId" FOREIGN KEY ("ExecutionNodeId") REFERENCES "ExecutionNodes" ("Id") ON DELETE RESTRICT
);
[08:20:13 INF] Executed DbCommand (0ms) [Parameters=[], CommandType='Text', CommandTimeout='30']
CREATE TABLE "SystemSettings" (
    "Key" TEXT NOT NULL CONSTRAINT "PK_SystemSettings" PRIMARY KEY,
    "Value" TEXT NOT NULL,
    "UpdatedAt" TEXT NOT NULL,
    "UpdatedBy" INTEGER NULL,
    CONSTRAINT "FK_SystemSettings_Users_UpdatedBy" FOREIGN KEY ("UpdatedBy") REFERENCES "Users" ("Id") ON DELETE SET NULL
);
[08:20:13 INF] Executed DbCommand (0ms) [Parameters=[], CommandType='Text', CommandTimeout='30']
CREATE TABLE "TrustedDevices" (
    "Id" INTEGER NOT NULL CONSTRAINT "PK_TrustedDevices" PRIMARY KEY AUTOINCREMENT,
    "UserId" INTEGER NOT NULL,
    "MachineName" TEXT NOT NULL,
    "WindowsUsername" TEXT NOT NULL,
    "DeviceTokenHash" TEXT NOT NULL,
    "RegisteredAt" TEXT NOT NULL,
    "LastUsedAt" TEXT NOT NULL,
    "IsRevoked" INTEGER NOT NULL,
    "RevokedReason" TEXT NULL,
    "RevokedAt" TEXT NULL,
    CONSTRAINT "FK_TrustedDevices_Users_UserId" FOREIGN KEY ("UserId") REFERENCES "Users" ("Id") ON DELETE CASCADE
);
[08:20:13 INF] Executed DbCommand (0ms) [Parameters=[], CommandType='Text', CommandTimeout='30']
CREATE TABLE "CifsShares" (
    "Id" INTEGER NOT NULL CONSTRAINT "PK_CifsShares" PRIMARY KEY AUTOINCREMENT,
    "HostId" INTEGER NOT NULL,
    "ShareName" TEXT NOT NULL,
    "DisplayName" TEXT NOT NULL,
    CONSTRAINT "FK_CifsShares_CifsHosts_HostId" FOREIGN KEY ("HostId") REFERENCES "CifsHosts" ("Id") ON DELETE CASCADE
);
[08:20:13 INF] Executed DbCommand (0ms) [Parameters=[], CommandType='Text', CommandTimeout='30']
CREATE TABLE "RefreshTokens" (
    "Id" TEXT NOT NULL CONSTRAINT "PK_RefreshTokens" PRIMARY KEY,
    "UserId" INTEGER NOT NULL,
    "TokenHash" TEXT NOT NULL,
    "DeviceId" INTEGER NULL,
    "IssuedAt" TEXT NOT NULL,
    "ExpiresAt" TEXT NOT NULL,
    "LastUsedAt" TEXT NOT NULL,
    "IsRevoked" INTEGER NOT NULL,
    "ClientIp" TEXT NULL,
    CONSTRAINT "FK_RefreshTokens_TrustedDevices_DeviceId" FOREIGN KEY ("DeviceId") REFERENCES "TrustedDevices" ("Id") ON DELETE SET NULL,
    CONSTRAINT "FK_RefreshTokens_Users_UserId" FOREIGN KEY ("UserId") REFERENCES "Users" ("Id") ON DELETE CASCADE
);
[08:20:13 INF] Executed DbCommand (0ms) [Parameters=[], CommandType='Text', CommandTimeout='30']
CREATE TABLE "UserPermissions" (
    "Id" INTEGER NOT NULL CONSTRAINT "PK_UserPermissions" PRIMARY KEY AUTOINCREMENT,
    "UserId" INTEGER NOT NULL,
    "ShareId" INTEGER NOT NULL,
    "TemplateId" INTEGER NOT NULL,
    "AllowedPath" TEXT NOT NULL,
    "DisplayName" TEXT NULL,
    "CreatedAt" TEXT NOT NULL,
    "CreatedBy" INTEGER NULL,
    CONSTRAINT "FK_UserPermissions_CifsShares_ShareId" FOREIGN KEY ("ShareId") REFERENCES "CifsShares" ("Id") ON DELETE CASCADE,
    CONSTRAINT "FK_UserPermissions_PermissionTemplates_TemplateId" FOREIGN KEY ("TemplateId") REFERENCES "PermissionTemplates" ("Id") ON DELETE RESTRICT,
    CONSTRAINT "FK_UserPermissions_Users_CreatedBy" FOREIGN KEY ("CreatedBy") REFERENCES "Users" ("Id") ON DELETE SET NULL,
    CONSTRAINT "FK_UserPermissions_Users_UserId" FOREIGN KEY ("UserId") REFERENCES "Users" ("Id") ON DELETE CASCADE
);
[08:20:13 INF] Executed DbCommand (0ms) [Parameters=[], CommandType='Text', CommandTimeout='30']
CREATE INDEX "IX_AuditLogs_HostId" ON "AuditLogs" ("HostId");
[08:20:13 INF] Executed DbCommand (0ms) [Parameters=[], CommandType='Text', CommandTimeout='30']
CREATE INDEX "IX_AuditLogs_Timestamp" ON "AuditLogs" ("Timestamp" DESC);
[08:20:13 INF] Executed DbCommand (0ms) [Parameters=[], CommandType='Text', CommandTimeout='30']
CREATE INDEX "IX_AuditLogs_UserId" ON "AuditLogs" ("UserId");
[08:20:13 INF] Executed DbCommand (0ms) [Parameters=[], CommandType='Text', CommandTimeout='30']
CREATE INDEX "IX_CifsHosts_ExecutionNodeId" ON "CifsHosts" ("ExecutionNodeId");
[08:20:13 INF] Executed DbCommand (0ms) [Parameters=[], CommandType='Text', CommandTimeout='30']
CREATE UNIQUE INDEX "IX_CifsShares_HostId_ShareName" ON "CifsShares" ("HostId", "ShareName");
[08:20:13 INF] Executed DbCommand (0ms) [Parameters=[], CommandType='Text', CommandTimeout='30']
CREATE UNIQUE INDEX "IX_PermissionTemplates_Name" ON "PermissionTemplates" ("Name");
[08:20:13 INF] Executed DbCommand (0ms) [Parameters=[], CommandType='Text', CommandTimeout='30']
CREATE INDEX "IX_RefreshTokens_DeviceId" ON "RefreshTokens" ("DeviceId");
[08:20:13 INF] Executed DbCommand (0ms) [Parameters=[], CommandType='Text', CommandTimeout='30']
CREATE INDEX "IX_RefreshTokens_UserId" ON "RefreshTokens" ("UserId");
[08:20:13 INF] Executed DbCommand (0ms) [Parameters=[], CommandType='Text', CommandTimeout='30']
CREATE INDEX "IX_SystemSettings_UpdatedBy" ON "SystemSettings" ("UpdatedBy");
[08:20:13 INF] Executed DbCommand (0ms) [Parameters=[], CommandType='Text', CommandTimeout='30']
CREATE UNIQUE INDEX "IX_TrustedDevices_UserId" ON "TrustedDevices" ("UserId");
[08:20:13 INF] Executed DbCommand (0ms) [Parameters=[], CommandType='Text', CommandTimeout='30']
CREATE INDEX "IX_UserPermissions_CreatedBy" ON "UserPermissions" ("CreatedBy");
[08:20:13 INF] Executed DbCommand (0ms) [Parameters=[], CommandType='Text', CommandTimeout='30']
CREATE INDEX "IX_UserPermissions_ShareId" ON "UserPermissions" ("ShareId");
[08:20:13 INF] Executed DbCommand (0ms) [Parameters=[], CommandType='Text', CommandTimeout='30']
CREATE INDEX "IX_UserPermissions_TemplateId" ON "UserPermissions" ("TemplateId");
[08:20:13 INF] Executed DbCommand (0ms) [Parameters=[], CommandType='Text', CommandTimeout='30']
CREATE INDEX "IX_UserPermissions_UserId_ShareId" ON "UserPermissions" ("UserId", "ShareId");
[08:20:13 INF] Executed DbCommand (0ms) [Parameters=[], CommandType='Text', CommandTimeout='30']
CREATE UNIQUE INDEX "IX_Users_Username" ON "Users" ("Username");
[08:20:13 INF] Executed DbCommand (0ms) [Parameters=[], CommandType='Text', CommandTimeout='30']
INSERT INTO "__EFMigrationsHistory" ("MigrationId", "ProductVersion")
VALUES ('20260521121243_InitialCreate', '8.0.13');
[08:20:13 INF] Executed DbCommand (0ms) [Parameters=[], CommandType='Text', CommandTimeout='30']
SELECT EXISTS (
    SELECT 1
    FROM "SystemSettings" AS "s")
[08:20:13 INF] Executed DbCommand (0ms) [Parameters=[], CommandType='Text', CommandTimeout='30']
SELECT EXISTS (
    SELECT 1
    FROM "PermissionTemplates" AS "p")
[08:20:13 INF] Executed DbCommand (0ms) [Parameters=[], CommandType='Text', CommandTimeout='30']
SELECT EXISTS (
    SELECT 1
    FROM "ExecutionNodes" AS "e")
[08:20:13 INF] Executed DbCommand (0ms) [Parameters=[], CommandType='Text', CommandTimeout='30']
SELECT EXISTS (
    SELECT 1
    FROM "Users" AS "u")
[08:20:13 INF] Executed DbCommand (2ms) [Parameters=[@p0='?', @p1='?' (Size = 28), @p2='?', @p3='?' (Size = 7), @p4='?', @p5='?' (DbType = Int32), @p6='?' (Size = 14), @p7='?' (Size = 6)], CommandType='Text', CommandTimeout='30']
INSERT INTO "ExecutionNodes" ("ClientCertificateThumbprint", "CreatedAt", "Endpoint", "HealthStatus", "LastHeartbeatAt", "MaxConcurrency", "Name", "NodeType")
VALUES (@p0, @p1, @p2, @p3, @p4, @p5, @p6, @p7)
RETURNING "Id", "IsActive";
[08:20:13 INF] Executed DbCommand (0ms) [Parameters=[@p0='?' (DbType = Boolean), @p1='?' (DbType = Boolean), @p2='?' (DbType = Boolean), @p3='?' (DbType = Boolean), @p4='?' (Size = 4)], CommandType='Text', CommandTimeout='30']
INSERT INTO "PermissionTemplates" ("CanDelete", "CanRead", "CanRename", "CanWrite", "Name")
VALUES (@p0, @p1, @p2, @p3, @p4)
RETURNING "Id";
[08:20:13 INF] Executed DbCommand (0ms) [Parameters=[@p0='?' (DbType = Boolean), @p1='?' (DbType = Boolean), @p2='?' (DbType = Boolean), @p3='?' (DbType = Boolean), @p4='?' (Size = 5)], CommandType='Text', CommandTimeout='30']
INSERT INTO "PermissionTemplates" ("CanDelete", "CanRead", "CanRename", "CanWrite", "Name")
VALUES (@p0, @p1, @p2, @p3, @p4)
RETURNING "Id";
[08:20:13 INF] Executed DbCommand (0ms) [Parameters=[@p0='?' (DbType = Boolean), @p1='?' (DbType = Boolean), @p2='?' (DbType = Boolean), @p3='?' (DbType = Boolean), @p4='?' (Size = 6)], CommandType='Text', CommandTimeout='30']
INSERT INTO "PermissionTemplates" ("CanDelete", "CanRead", "CanRename", "CanWrite", "Name")
VALUES (@p0, @p1, @p2, @p3, @p4)
RETURNING "Id";
[08:20:13 INF] Executed DbCommand (0ms) [Parameters=[@p0='?' (Size = 19), @p1='?' (Size = 28), @p2='?' (DbType = Int32), @p3='?' (Size = 2)], CommandType='Text', CommandTimeout='30']
INSERT INTO "SystemSettings" ("Key", "UpdatedAt", "UpdatedBy", "Value")
VALUES (@p0, @p1, @p2, @p3);
[08:20:13 INF] Executed DbCommand (0ms) [Parameters=[@p0='?' (Size = 18), @p1='?' (Size = 28), @p2='?' (DbType = Int32), @p3='?' (Size = 2)], CommandType='Text', CommandTimeout='30']
INSERT INTO "SystemSettings" ("Key", "UpdatedAt", "UpdatedBy", "Value")
VALUES (@p0, @p1, @p2, @p3);
[08:20:13 INF] Executed DbCommand (0ms) [Parameters=[@p0='?' (Size = 19), @p1='?' (Size = 28), @p2='?' (DbType = Int32), @p3='?' (Size = 2)], CommandType='Text', CommandTimeout='30']
INSERT INTO "SystemSettings" ("Key", "UpdatedAt", "UpdatedBy", "Value")
VALUES (@p0, @p1, @p2, @p3);
[08:20:13 INF] Executed DbCommand (0ms) [Parameters=[@p0='?' (Size = 18), @p1='?' (Size = 28), @p2='?' (DbType = Int32), @p3='?' (Size = 2)], CommandType='Text', CommandTimeout='30']
INSERT INTO "SystemSettings" ("Key", "UpdatedAt", "UpdatedBy", "Value")
VALUES (@p0, @p1, @p2, @p3);
[08:20:13 INF] Executed DbCommand (0ms) [Parameters=[@p0='?' (Size = 28), @p1='?' (DbType = Int32), @p2='?' (DbType = Boolean), @p3='?' (DbType = Boolean), @p4='?', @p5='?' (DbType = Boolean), @p6='?' (Size = 28), @p7='?' (Size = 28), @p8='?' (Size = 60), @p9='?' (Size = 5)], CommandType='Text', CommandTimeout='30']
INSERT INTO "Users" ("CreatedAt", "FailedLoginCount", "IsAdmin", "IsLocked", "LastLoginAt", "MustChangePassword", "PasswordChangedAt", "PasswordExpiresAt", "PasswordHash", "Username")
VALUES (@p0, @p1, @p2, @p3, @p4, @p5, @p6, @p7, @p8, @p9)
RETURNING "Id";
[08:20:13 DBG] Hosting starting
[08:20:13 INF] User profile is available. Using 'C:\Users\ku_em\AppData\Local\ASP.NET\DataProtection-Keys' as key repository and Windows DPAPI to encrypt keys at rest.
[08:20:13 WRN] Overriding address(es) 'http://127.0.0.1:18080'. Binding to endpoints defined via IConfiguration and/or UseKestrel() instead.
[08:20:13 INF] Now listening on: http://0.0.0.0:8080
[08:20:13 INF] Application started. Press Ctrl+C to shut down.
[08:20:13 INF] Hosting environment: Development
[08:20:13 INF] Content root path: D:\Github\Watashi\src\Watashi.Server
[08:20:13 DBG] Hosting started
